// Jest Snapshot v1, https://goo.gl/fbAQLP

exports[`AI Digest Library API should return file statistics sorted by size with getFileStats 1`] = `
{
  "files": [
    {
      "path": "large.md",
      "sizeInBytes": 884,
    },
    {
      "path": "medium.js",
      "sizeInBytes": 58,
    },
    {
      "path": "file2.js",
      "sizeInBytes": 54,
    },
    {
      "path": "subdir/file3.py",
      "sizeInBytes": 54,
    },
    {
      "path": "file1.txt",
      "sizeInBytes": 40,
    },
    {
      "path": "small.txt",
      "sizeInBytes": 30,
    },
  ],
  "totalClaudeTokens": 303,
  "totalGptTokens": 268,
}
`;
